<html>
<body>
<pre>
<h1>礦ision Build Log</h1>
<h2>Tool Versions:</h2>
IDE-Version: μVision V5.26.2.0
Copyright (C) 2018 ARM Ltd and ARM Germany GmbH. All rights reserved.
License Information: 与 SEEKFREE, 好看, LIC=DSN01-C531W-68QFC-75CB5-7QG6B-9G0EM
 
Tool Versions:
Toolchain:       MDK-ARM Professional  Version: 5.26.2.0
Toolchain Path:  D:\professional software\Keil_v5\ARM\ARMCC\Bin
C Compiler:      Armcc.exe V5.06 update 6 (build 750)
Assembler:       Armasm.exe V5.06 update 6 (build 750)
Linker/Locator:  ArmLink.exe V5.06 update 6 (build 750)
Library Manager: ArmAr.exe V5.06 update 6 (build 750)
Hex Converter:   FromElf.exe V5.06 update 6 (build 750)
CPU DLL:         SARMCM3.DLL V5.26.2.0
Dialog DLL:      DCM.DLL V1.17.2.0
Target DLL:      Segger\JL2CM3.dll V2.99.31.0
Dialog DLL:      TCM.DLL V1.36.1.0
 
<h2>Project:</h2>
E:\work\seekfree\freescale_work\传感器历程\总钻风\总钻风例程(V2版本)\K60例程\1.一幅图像采集完成触发中断\总钻风例程K60(OLED显示二值化图像)\Projecct\MDK\SeekFree_Kinetis.uvprojx
Project File Date:  03/08/2019

<h2>Output:</h2>
*** Using Compiler 'V5.06 update 6 (build 750)', folder: 'D:\professional software\Keil_v5\ARM\ARMCC\Bin'
Build target 'SeekFree_MK60DN'
assembling startup_MK60D10.s...
compiling system_MK60.c...
compiling common.c...
compiling misc.c...
compiling MK60_adc.c...
compiling MK60_cmt.c...
compiling MK60_dac.c...
compiling MK60_dma.c...
compiling MK60_flash.c...
compiling MK60_ftm.c...
compiling MK60_gpio.c...
compiling MK60_lptmr.c...
compiling MK60_i2c.c...
compiling MK60_pit.c...
compiling MK60_rtc.c...
compiling MK60_port.c...
compiling MK60_systick.c...
compiling MK60_sdhc.c...
compiling MK60_spi.c...
compiling MK60_wdog.c...
compiling MK60_uart.c...
compiling isr.c...
compiling main.c...
compiling SEEKFREE_18TFT.c...
compiling SEEKFREE_7725.c...
compiling SEEKFREE_FUN.c...
compiling SEEKFREE_IIC.c...
compiling SEEKFREE_L3G4200D.c...
compiling SEEKFREE_MMA8451.c...
compiling SEEKFREE_MPU6050.c...
compiling SEEKFREE_MT9V032.c...
compiling SEEKFREE_NRF24L01.c...
compiling SEEKFREE_TSL1401.c...
compiling SEEKFREE_OLED.c...
compiling ff.c...
compiling font.c...
compiling diskio.c...
linking...
Program Size: Code=4268 RO-data=1136 RW-data=116 ZI-data=34852  
".\Objects\SeekFree_Kinetis.axf" - 0 Error(s), 0 Warning(s).

<h2>Software Packages used:</h2>

Package Vendor: Keil
                http://www.keil.com/pack/Keil.Kinetis_K60_DFP.1.4.0.pack
                Keil.Kinetis_K60_DFP.1.4.0
                Freescale Kinetis K60 Series Device Support and Examples

<h2>Collection of Component include folders:</h2>
  .\RTE\_SeekFree_MK60DN
  D:\professional software\Keil_v5\ARM\PACK\Keil\Kinetis_K60_DFP\1.4.0\Device\Include

<h2>Collection of Component Files used:</h2>
Build Time Elapsed:  00:00:13
</pre>
</body>
</html>
