###############################################################################
#
# IAR ELF Linker V8.20.1.14183/W32 for ARM                09/Jul/2019  18:06:22
# Copyright 2007-2017 IAR Systems AB.
#
#    Output file  =  E:\IARworkspace\CamCar_IAR\FLASH\Exe\framework2016_K60.out
#    Map file     =  
#        E:\IARworkspace\CamCar_IAR\FLASH\List\framework2016_K60.map
#    Command line =  
#        -f C:\Users\57416\AppData\Local\Temp\EW5193.tmp
#        (E:\IARworkspace\CamCar_IAR\FLASH\Obj\Cam.o
#        E:\IARworkspace\CamCar_IAR\FLASH\Obj\CCD.o
#        E:\IARworkspace\CamCar_IAR\FLASH\Obj\DEV_MMA8451.o
#        E:\IARworkspace\CamCar_IAR\FLASH\Obj\Flash.o
#        E:\IARworkspace\CamCar_IAR\FLASH\Obj\framework2016.o
#        E:\IARworkspace\CamCar_IAR\FLASH\Obj\HMI.o
#        E:\IARworkspace\CamCar_IAR\FLASH\Obj\HW_I2C.o
#        E:\IARworkspace\CamCar_IAR\FLASH\Obj\HW_MCG.o
#        E:\IARworkspace\CamCar_IAR\FLASH\Obj\IMU.o
#        E:\IARworkspace\CamCar_IAR\FLASH\Obj\Mag.o
#        E:\IARworkspace\CamCar_IAR\FLASH\Obj\Motor.o
#        E:\IARworkspace\CamCar_IAR\FLASH\Obj\OLED.o
#        E:\IARworkspace\CamCar_IAR\FLASH\Obj\OLED_UI.o
#        E:\IARworkspace\CamCar_IAR\FLASH\Obj\PIT.o
#        E:\IARworkspace\CamCar_IAR\FLASH\Obj\relocate.o
#        E:\IARworkspace\CamCar_IAR\FLASH\Obj\startup_K60.o
#        E:\IARworkspace\CamCar_IAR\FLASH\Obj\system_MK60DZ10.o
#        E:\IARworkspace\CamCar_IAR\FLASH\Obj\UART.o
#        E:\IARworkspace\CamCar_IAR\FLASH\Obj\UI_Operation.o --redirect
#        _Printf=_PrintfFullNoMb --redirect _Scanf=_ScanfFullNoMb -o
#        E:\IARworkspace\CamCar_IAR\FLASH\Exe\framework2016_K60.out --map
#        E:\IARworkspace\CamCar_IAR\FLASH\List\framework2016_K60.map --config
#        E:\IARworkspace\CamCar_IAR\iar_config_files\LPLD_K60DN512_FLASH.icf
#        --semihosting --entry __iar_program_start "D:\Program
#        Files(x86)\IAR\arm\CMSIS\Lib\IAR\iar_cortexM4l_math.a"
#        --merge_duplicate_sections --vfe --text_out locale)
#
###############################################################################

*******************************************************************************
*** RUNTIME MODEL ATTRIBUTES
***

CppFlavor       = *
__SystemLibrary = DLib
__dlib_version  = 6


*******************************************************************************
*** HEAP SELECTION
***

The basic heap was selected because no calls to memory allocation
functions were found in the application outside of system library
functions, and there are calls to deallocation functions in the
application.


*******************************************************************************
*** PLACEMENT SUMMARY
***

"A0":  place at 0x00000000 { ro section .intvec };
"A1":  place at 0x00000410 { ro section .noinit };
define block CodeRelocate { section .textrw_init };
"P1":  place in [from 0x00000000 to 0x00080000] { ro, block CodeRelocate };
define block CodeRelocateRam { section .textrw };
define block CSTACK with size = 4K, alignment = 8 { };
define block HEAP with size = 512, alignment = 8 { };
"P2":  place in [from 0x1fff0410 to 0x20010000] {
          rw, block CodeRelocateRam, block CSTACK, block HEAP };
initialize manually with packing = copy, complex ranges { section .data };
initialize manually with packing = copy, complex ranges { section .textrw };

  Section              Kind        Address    Size  Object
  -------              ----        -------    ----  ------
"A0":                                        0x400
  .intvec              ro code  0x00000000   0x400  startup_K60.o [1]
                              - 0x00000400   0x400

"P1", part 1 of 2:                             0x0
  .rodata              const    0x00000400     0x0  zero_init3.o [5]

"A1":                                         0x14
  .noinit              ro code  0x00000410    0x10  startup_K60.o [1]
  .noinit              ro code  0x00000420     0x4  startup_K60.o [1]
                              - 0x00000424    0x14

"P1", part 2 of 2:                          0x2d24
  .text                ro code  0x00000424   0x604  Motor.o [1]
  .text                ro code  0x00000a28   0x538  OLED.o [1]
  .text                ro code  0x00000f60   0x3ec  PIT.o [1]
  .text                ro code  0x0000134c   0x224  HMI.o [1]
  .text                ro code  0x00001570    0xa0  OLED_UI.o [1]
  .text                ro code  0x00001610   0x2ac  Mag.o [1]
  .text                ro code  0x000018bc    0x22  S32ToDbl.o [4]
  .text                ro code  0x000018e0   0x1a2  DblMul.o [4]
  .text                ro code  0x00001a84   0x178  DblAdd.o [4]
  .text                ro code  0x00001bfc    0x3a  DblToS32.o [4]
  .text                ro code  0x00001c38    0x24  S32ToFlt.o [4]
  .text                ro code  0x00001c5c    0xd8  FltMul.o [4]
  .text                ro code  0x00001d34    0x2a  FltToS32.o [4]
  .text                ro code  0x00001d60    0xd2  DblSub.o [4]
  .text                ro code  0x00001e34   0x2bc  HW_I2C.o [1]
  .text                ro code  0x000020f0   0x2a4  framework2016.o [1]
  .text                ro code  0x00002394   0x22c  Flash.o [1]
  .text                ro code  0x000025c0   0x18c  UART.o [1]
  .text                ro code  0x0000274c   0x11e  DEV_MMA8451.o [1]
  .text                ro code  0x0000286c    0x44  IMU.o [1]
  .rodata              const    0x000028b0   0x228  OLED.o [1]
  Veneer               ro code  0x00002ad8     0x8  - Linker created -
  .text                ro code  0x00002ae0   0x198  HW_MCG.o [1]
  .text                ro code  0x00002c78   0x148  system_MK60DZ10.o [1]
  .text                ro code  0x00002dc0    0xa0  relocate.o [1]
  .text                ro code  0x00002e60    0xd4  Cam.o [1]
  CodeRelocate                  0x00002f34    0x4c  <Block>
    Initializer bytes  const    0x00002f34    0x4c  <for CodeRelocateRam-1>
  .text                ro code  0x00002f80    0x40  zero_init3.o [5]
  .data_init                    0x00002fc0    0x40  <Block>
    Initializer bytes  const    0x00002fc0    0x40  <for .data-1>
  .text                ro code  0x00003000    0x28  data_init.o [5]
  .iar.init_table      const    0x00003028    0x10  - Linker created -
  .text                ro code  0x00003038    0x1e  cmain.o [5]
  .text                ro code  0x00003056     0x4  low_level_init.o [3]
  .text                ro code  0x0000305a     0x4  exit.o [3]
  .text                ro code  0x00003060     0xa  cexit.o [5]
  .text                ro code  0x0000306c    0x14  exit.o [6]
  .rodata              const    0x00003080    0x18  framework2016.o [1]
  .rodata              const    0x00003098    0x14  framework2016.o [1]
  .rodata              const    0x000030ac    0x14  framework2016.o [1]
  .rodata              const    0x000030c0    0x14  framework2016.o [1]
  .rodata              const    0x000030d4    0x14  system_MK60DZ10.o [1]
  .rodata              const    0x000030e8     0xc  framework2016.o [1]
  .rodata              const    0x000030f4     0xc  framework2016.o [1]
  .rodata              const    0x00003100     0xc  framework2016.o [1]
  .rodata              const    0x0000310c     0xc  framework2016.o [1]
  .rodata              const    0x00003118     0xc  PIT.o [1]
  .text                ro code  0x00003124     0xc  cstartup_M.o [5]
  .rodata              const    0x00003130     0x8  PIT.o [1]
  .rodata              const    0x00003138     0x8  PIT.o [1]
  .rodata              const    0x00003140     0x8  system_MK60DZ10.o [1]
                              - 0x00003148  0x2d24

"P2", part 1 of 3:                            0x8c
  CodeRelocateRam               0x1fff0410    0x4c  <Block>
    CodeRelocateRam-1           0x1fff0410    0x4c  <Init block>
      .textrw          inited   0x1fff0410    0x4c  HW_MCG.o [1]
  .data                         0x1fff045c    0x40  <Block>
    .data-1                     0x1fff045c    0x40  <Init block>
      .data            inited   0x1fff045c     0x4  Cam.o [1]
      .data            inited   0x1fff0460    0x20  Flash.o [1]
      .data            inited   0x1fff0480     0x4  framework2016.o [1]
      .data            inited   0x1fff0484     0x4  framework2016.o [1]
      .data            inited   0x1fff0488     0x4  HW_MCG.o [1]
      .data            inited   0x1fff048c     0x4  HW_MCG.o [1]
      .data            inited   0x1fff0490     0x4  HW_MCG.o [1]
      .data            inited   0x1fff0494     0x4  HW_MCG.o [1]
      .data            inited   0x1fff0498     0x4  system_MK60DZ10.o [1]
                              - 0x1fff049c    0x8c

"P2", part 2 of 3:                          0x2078
  .bss                          0x1fff049c  0x2078  <Block>
    .bss               zero     0x1fff049c  0x2000  Cam.o [1]
    .bss               zero     0x1fff249c    0x20  Flash.o [1]
    .bss               zero     0x1fff24bc     0x8  HW_I2C.o [1]
    .bss               zero     0x1fff24c4     0xc  Mag.o [1]
    .bss               zero     0x1fff24d0     0x4  Mag.o [1]
    .bss               zero     0x1fff24d4     0x4  Mag.o [1]
    .bss               zero     0x1fff24d8     0x4  Mag.o [1]
    .bss               zero     0x1fff24dc     0x4  PIT.o [1]
    .bss               zero     0x1fff24e0     0x4  PIT.o [1]
    .bss               zero     0x1fff24e4     0x4  PIT.o [1]
    .bss               zero     0x1fff24e8     0x4  PIT.o [1]
    .bss               zero     0x1fff24ec     0x2  framework2016.o [1]
    .bss               zero     0x1fff24ee     0x2  framework2016.o [1]
    .bss               zero     0x1fff24f0     0x2  framework2016.o [1]
    .bss               zero     0x1fff24f2     0x2  framework2016.o [1]
    .bss               zero     0x1fff24f4     0x2  framework2016.o [1]
    .bss               zero     0x1fff24f6     0x2  framework2016.o [1]
    .bss               zero     0x1fff24f8     0x2  HMI.o [1]
    .bss               zero     0x1fff24fa     0x2  HMI.o [1]
    .bss               zero     0x1fff24fc     0x2  Motor.o [1]
    .bss               zero     0x1fff24fe     0x2  Motor.o [1]
    .bss               zero     0x1fff2500     0x2  Motor.o [1]
    .bss               zero     0x1fff2502     0x2  Motor.o [1]
    .bss               zero     0x1fff2504     0x2  Motor.o [1]
    .bss               zero     0x1fff2506     0x2  Motor.o [1]
    .bss               zero     0x1fff2508     0x2  Motor.o [1]
    .bss               zero     0x1fff250a     0x2  UI_Operation.o [1]
    .bss               zero     0x1fff250c     0x1  Cam.o [1]
    .bss               zero     0x1fff250d     0x1  Cam.o [1]
    .bss               zero     0x1fff250e     0x1  framework2016.o [1]
    .bss               zero     0x1fff250f     0x1  Mag.o [1]
    .bss               zero     0x1fff2510     0x1  Motor.o [1]
                              - 0x1fff2514  0x2078

"P2", part 3 of 3:                          0x1000
  CSTACK                        0x1fff2518  0x1000  <Block>
    CSTACK             uninit   0x1fff2518  0x1000  <Block tail>
                              - 0x1fff3518  0x1000


*******************************************************************************
*** INIT TABLE
***

          Address     Size
          -------     ----
Zero (__iar_zero_init3)
    1 destination range, total size 0x2075:
          0x1fff049c  0x2075



*******************************************************************************
*** MODULE SUMMARY
***

    Module             ro code  rw code  ro data  rw data
    ------             -------  -------  -------  -------
E:\IARworkspace\CamCar_IAR\FLASH\Obj: [1]
    Cam.o                  212                 4    8 198
    DEV_MMA8451.o          286
    Flash.o                556                32       64
    HMI.o                  548                          4
    HW_I2C.o               700                          8
    HW_MCG.o               408       76       92       16
    IMU.o                   68
    Mag.o                  684                         25
    Motor.o              1 540                         15
    OLED.o               1 336               552
    OLED_UI.o              160
    PIT.o                1 004                28       16
    UART.o                 396
    UI_Operation.o                                      2
    framework2016.o        676               140       21
    relocate.o             160
    startup_K60.o        1 044
    system_MK60DZ10.o      328                32        4
    -----------------------------------------------------
    Total:              10 106       76      880    8 373

command line: [2]
    -----------------------------------------------------
    Total:

dl7M_tln.a: [3]
    exit.o                   4
    low_level_init.o         4
    -----------------------------------------------------
    Total:                   8

m7M_tl.a: [4]
    DblAdd.o               376
    DblMul.o               418
    DblSub.o               210
    DblToS32.o              58
    FltMul.o               216
    FltToS32.o              42
    S32ToDbl.o              34
    S32ToFlt.o              36
    -----------------------------------------------------
    Total:               1 390

rt7M_tl.a: [5]
    cexit.o                 10
    cmain.o                 30
    cstartup_M.o            12
    data_init.o             40
    zero_init3.o            64
    -----------------------------------------------------
    Total:                 156

shb_l.a: [6]
    exit.o                  20
    -----------------------------------------------------
    Total:                  20

    Gaps                    16
    Linker created           8                16    4 096
---------------------------------------------------------
    Grand Total:        11 704       76      896   12 469


*******************************************************************************
*** ENTRY LIST
***

Entry                      Address    Size  Type      Object
-----                      -------    ----  ----      ------
.bss$$Base              0x1fff049c           --   Gb  - Linker created -
.bss$$Limit             0x1fff2514           --   Gb  - Linker created -
.data$$Base             0x1fff045c           --   Gb  - Linker created -
.data$$Limit            0x1fff049c           --   Gb  - Linker created -
.data_init$$Base        0x00002fc0           --   Gb  - Linker created -
.data_init$$Limit       0x00003000           --   Gb  - Linker created -
.iar.init_table$$Base   0x00003028           --   Gb  - Linker created -
.iar.init_table$$Limit  0x00003038           --   Gb  - Linker created -
?main                   0x00003039          Code  Gb  cmain.o [5]
ADC1_enabled            0x1fff250e     0x1  Data  Gb  framework2016.o [1]
BELL                    0x0000137f    0x22  Code  Gb  HMI.o [1]
Battery                 0x000013a1    0x16  Code  Gb  HMI.o [1]
Bell_Service            0x0000134d    0x24  Code  Gb  HMI.o [1]
BusFault_Handler        0x00002293    0x28  Code  Gb  framework2016.o [1]
CSTACK$$Base            0x1fff2518           --   Gb  - Linker created -
CSTACK$$Limit           0x1fff3518           --   Gb  - Linker created -
CodeRelocate$$Base      0x00002f34           --   Gb  - Linker created -
CodeRelocate$$Limit     0x00002f80           --   Gb  - Linker created -
CodeRelocateRam$$Base   0x1fff0410           --   Gb  - Linker created -
CodeRelocateRam$$Limit  0x1fff045c           --   Gb  - Linker created -
DMA0_IRQHandler         0x00002ef5    0x18  Code  Gb  Cam.o [1]
DefaultISR              0x0000230b    0x28  Code  Gb  framework2016.o [1]
F6x8                    0x000028b0   0x228  Data  Gb  OLED.o [1]
FlashCMD                0x00002567    0x26  Code  Lc  Flash.o [1]
Flash_Data_Reset        0x0000241f    0x3c  Code  Gb  Flash.o [1]
Flash_Data_Update       0x000023e3    0x3c  Code  Gb  Flash.o [1]
Flash_Erase             0x0000249d    0x42  Code  Gb  Flash.o [1]
Flash_Init              0x0000245b    0x42  Code  Gb  Flash.o [1]
Flash_Program           0x000024df    0x88  Code  Gb  Flash.o [1]
Flash_Read              0x000023c3    0x20  Code  Gb  Flash.o [1]
Flash_Write             0x00002395    0x2e  Code  Gb  Flash.o [1]
Gyro_Init               0x0000286d    0x34  Code  Gb  IMU.o [1]
HMI_Init                0x000013b7   0x154  Code  Gb  HMI.o [1]
HardFault_Handler       0x000022e3    0x28  Code  Gb  framework2016.o [1]
I2C0_IRQHandler         0x00001ff5    0x5a  Code  Gb  HW_I2C.o [1]
I2C1_IRQHandler         0x0000204f    0x5a  Code  Gb  HW_I2C.o [1]
I2C_ISR                 0x1fff24bc     0x8  Data  Gb  HW_I2C.o [1]
LED1_Tog                0x00001371     0xe  Code  Gb  HMI.o [1]
LPLD_I2C_Init           0x00001e35   0x124  Code  Gb  HW_I2C.o [1]
LPLD_I2C_ReStart        0x00001f6b     0xa  Code  Gb  HW_I2C.o [1]
LPLD_I2C_ReadByte       0x00001fb7     0x6  Code  Gb  HW_I2C.o [1]
LPLD_I2C_SetMasterWR    0x00001fbd    0x1a  Code  Gb  HW_I2C.o [1]
LPLD_I2C_Start          0x00001f59    0x12  Code  Gb  HW_I2C.o [1]
LPLD_I2C_StartTrans     0x00001fd7    0x1e  Code  Gb  HW_I2C.o [1]
LPLD_I2C_Stop           0x00001f75    0x12  Code  Gb  HW_I2C.o [1]
LPLD_I2C_WaitAck        0x00001f87    0x2c  Code  Gb  HW_I2C.o [1]
LPLD_I2C_WriteByte      0x00001fb3     0x4  Code  Gb  HW_I2C.o [1]
LPLD_MMA8451_Init       0x0000274d    0x52  Code  Gb  DEV_MMA8451.o [1]
LPLD_MMA8451_ReadReg    0x000027e3    0x74  Code  Gb  DEV_MMA8451.o [1]
LPLD_MMA8451_WriteReg   0x0000279f    0x44  Code  Gb  DEV_MMA8451.o [1]
LPLD_PLL_Setup          0x00002ae1   0x198  Code  Gb  HW_MCG.o [1]
LPLD_Set_SYS_DIV        0x1fff0411    0x4c  Code  Gb  HW_MCG.o [1]
MMA8451_Delay           0x0000285d     0xe  Code  Lc  DEV_MMA8451.o [1]
Mag1                    0x00001659    0x1c  Code  Gb  Mag.o [1]
Mag2                    0x00001675    0x1c  Code  Gb  Mag.o [1]
Mag3                    0x00001691    0x1c  Code  Gb  Mag.o [1]
Mag4                    0x000016ad    0x1c  Code  Gb  Mag.o [1]
Mag5                    0x000016c9    0x16  Code  Gb  Mag.o [1]
Mag6                    0x000016df    0x16  Code  Gb  Mag.o [1]
Mag_Control             0x000016f5   0x11a  Code  Gb  Mag.o [1]
Mag_Control::last_err_mag
                        0x1fff24d8     0x4  Data  Lc  Mag.o [1]
Mag_Init                0x0000180f    0x60  Code  Gb  Mag.o [1]
Mag_Sample              0x00001611    0x48  Code  Gb  Mag.o [1]
MotorL_Enable           0x0000058b    0x2a  Code  Gb  Motor.o [1]
MotorL_Output           0x000004cf    0x5e  Code  Gb  Motor.o [1]
MotorR_Enable           0x000005b5    0x2a  Code  Gb  Motor.o [1]
MotorR_Output           0x0000052d    0x5e  Code  Gb  Motor.o [1]
Motor_Init              0x0000067f    0xe6  Code  Gb  Motor.o [1]
NMI_Handler             0x000022bb    0x28  Code  Gb  framework2016.o [1]
NVIC_EncodePriority     0x00000467    0x3e  Code  Lc  Motor.o [1]
NVIC_EncodePriority     0x00000fa3    0x3e  Code  Lc  PIT.o [1]
NVIC_EncodePriority     0x000025fd    0x3e  Code  Lc  UART.o [1]
Oled_Clear              0x00000bbb    0x38  Code  Gb  OLED.o [1]
Oled_DC                 0x00000f1f    0x22  Code  Gb  OLED.o [1]
Oled_DLY_ms             0x00000dc7    0x1a  Code  Gb  OLED.o [1]
Oled_DrawBMP            0x00000c23    0x74  Code  Gb  OLED.o [1]
Oled_Init               0x00000c97   0x130  Code  Gb  OLED.o [1]
Oled_Putnum             0x00000ab3   0x108  Code  Gb  OLED.o [1]
Oled_Putstr             0x00000a29    0x8a  Code  Gb  OLED.o [1]
Oled_RST                0x00000efd    0x22  Code  Gb  OLED.o [1]
Oled_SCL                0x00000eb9    0x22  Code  Gb  OLED.o [1]
Oled_SDA                0x00000edb    0x22  Code  Gb  OLED.o [1]
Oled_Set_Pos            0x00000e7d    0x3c  Code  Gb  OLED.o [1]
Oled_Setxy              0x00000bf3    0x30  Code  Gb  OLED.o [1]
Oled_WrCmd              0x00000e39    0x44  Code  Gb  OLED.o [1]
Oled_WrDat              0x00000de1    0x56  Code  Gb  OLED.o [1]
PIT0_IRQHandler         0x00001163    0x6c  Code  Gb  PIT.o [1]
PIT0_Init               0x000011cf    0x62  Code  Gb  PIT.o [1]
PIT1_IRQHandler         0x00000fe1   0x182  Code  Gb  PIT.o [1]
PIT1_Init               0x00001241    0x62  Code  Gb  PIT.o [1]
PIT2_Init               0x000012ad    0x28  Code  Gb  PIT.o [1]
PORTA_IRQHandler        0x000008b5    0x9a  Code  Gb  Motor.o [1]
PORTC_IRQHandler        0x00002e61    0x94  Code  Gb  Cam.o [1]
Region$$Table$$Base     0x00003028           --   Gb  - Linker created -
Region$$Table$$Limit    0x00003038           --   Gb  - Linker created -
Servo_Init              0x0000084d    0x50  Code  Gb  Motor.o [1]
Servo_Output            0x000004a5    0x2a  Code  Gb  Motor.o [1]
SystemCoreClock         0x1fff0498     0x4  Data  Gb  system_MK60DZ10.o [1]
SystemCoreClockUpdate   0x00002d53    0x26  Code  Gb  system_MK60DZ10.o [1]
SystemInit              0x00002c95    0xbe  Code  Gb  system_MK60DZ10.o [1]
Tacho0_Dir              0x0000089d     0xc  Code  Gb  Motor.o [1]
Tacho0_Get              0x000005df    0x1e  Code  Gb  Motor.o [1]
Tacho0_Renew            0x000005fd    0x64  Code  Gb  Motor.o [1]
Tacho1_Dir              0x000008a9     0xc  Code  Gb  Motor.o [1]
Tacho1_Get              0x00000661    0x1e  Code  Gb  Motor.o [1]
Tacho_Init              0x00000765    0xe8  Code  Gb  Motor.o [1]
UART3_IRQHandler        0x0000263b    0x18  Code  Gb  UART.o [1]
UART_GetChar            0x00002653    0x12  Code  Gb  UART.o [1]
UART_Init               0x00002665    0xb0  Code  Gb  UART.o [1]
__BOOT_STACK_ADDRESS {Abs}
                        0x2000fff8          Data  Gb  command line/config [2]
__NVIC_EnableIRQ        0x00000425    0x1c  Code  Lc  Motor.o [1]
__NVIC_EnableIRQ        0x00000f61    0x1c  Code  Lc  PIT.o [1]
__NVIC_EnableIRQ        0x000025c1    0x1a  Code  Lc  UART.o [1]
__NVIC_SetPriority      0x00000441    0x26  Code  Lc  Motor.o [1]
__NVIC_SetPriority      0x00000f7d    0x26  Code  Lc  PIT.o [1]
__NVIC_SetPriority      0x000025db    0x22  Code  Lc  UART.o [1]
__NVIC_SetPriorityGrouping
                        0x00002c79    0x1c  Code  Lc  system_MK60DZ10.o [1]
__VECTOR_RAM {Abs}      0x1fff0000          Data  Gb  command line/config [2]
__VECTOR_TABLE {Abs}    0x00000000          Data  Gb  command line/config [2]
__Vectors               0x00000000           --   Gb  startup_K60.o [1]
__Vectors_End           0x00000400          Data  Gb  startup_K60.o [1]
__Vectors_Size {Abs}    0x00000400           --   Gb  startup_K60.o [1]
__aeabi_d2iz            0x00001bfd          Code  Gb  DblToS32.o [4]
__aeabi_dadd            0x00001a85          Code  Gb  DblAdd.o [4]
__aeabi_dmul            0x000018e1          Code  Gb  DblMul.o [4]
__aeabi_f2iz            0x00001d35          Code  Gb  FltToS32.o [4]
__aeabi_fmul            0x00001c5d          Code  Gb  FltMul.o [4]
__aeabi_i2d             0x000018bd          Code  Gb  S32ToDbl.o [4]
__aeabi_i2f             0x00001c39          Code  Gb  S32ToFlt.o [4]
__cmain                 0x00003039          Code  Gb  cmain.o [5]
__exit                  0x0000306d    0x14  Code  Gb  exit.o [6]
__iar_dadd              0x00001d61          Code  Gb  DblSub.o [4]
__iar_data_init3        0x00003001    0x28  Code  Gb  data_init.o [5]
__iar_dsub              0x00001a95          Code  Gb  DblAdd.o [4]
__iar_dsubStart         0x00001aa7          Code  Gb  DblAdd.o [4]
__iar_program_start     0x00003125          Code  Gb  cstartup_M.o [5]
__iar_systems$$module {Abs}
                        0x00000001          Data  Gb  command line/config [2]
__iar_zero_init3        0x00002f81    0x40  Code  Gb  zero_init3.o [5]
__low_level_init        0x00003057     0x4  Code  Gb  low_level_init.o [3]
__vector_table          0x00000000          Data  Gb  startup_K60.o [1]
__vector_table_0x1c     0x0000001c          Data  Gb  startup_K60.o [1]
_call_main              0x00003045          Code  Gb  cmain.o [5]
_exit                   0x00003061          Code  Gb  cexit.o [5]
_main                   0x00003053          Code  Gb  cmain.o [5]
battery                 0x1fff24f8     0x2  Data  Gb  HMI.o [1]
bell_request_tick       0x1fff24fa     0x2  Data  Gb  HMI.o [1]
cam_buffer              0x1fff049c  0x2000  Data  Gb  Cam.o [1]
cam_row                 0x1fff250c     0x1  Data  Gb  Cam.o [1]
common_relocate         0x00002dc1    0xa0  Code  Gb  relocate.o [1]
data                    0x1fff249c    0x20  Data  Gb  Flash.o [1]
data_initial            0x1fff0460    0x20  Data  Gb  Flash.o [1]
displayCamera           0x00001571     0xc  Code  Gb  OLED_UI.o [1]
drawCam                 0x0000157d    0x74  Code  Gb  OLED_UI.o [1]
err_motorL              0x1fff24ec     0x2  Data  Gb  framework2016.o [1]
err_motorR              0x1fff24f4     0x2  Data  Gb  framework2016.o [1]
exit                    0x0000305b     0x4  Code  Gb  exit.o [3]
ftm1cnt_last            0x1fff2504     0x2  Data  Gb  Motor.o [1]
g_bus_clock             0x1fff048c     0x4  Data  Gb  HW_MCG.o [1]
g_core_clock            0x1fff0488     0x4  Data  Gb  HW_MCG.o [1]
g_flash_clock           0x1fff0490     0x4  Data  Gb  HW_MCG.o [1]
g_flexbus_clock         0x1fff0494     0x4  Data  Gb  HW_MCG.o [1]
huandao                 0x1fff24d4     0x4  Data  Gb  Mag.o [1]
img_row                 0x1fff250d     0x1  Data  Gb  Cam.o [1]
isWhite                 0x000015f5    0x14  Code  Gb  OLED_UI.o [1]
last_err_motorL         0x1fff24ee     0x2  Data  Gb  framework2016.o [1]
last_err_motorR         0x1fff24f6     0x2  Data  Gb  framework2016.o [1]
left_right              0x1fff24d0     0x4  Data  Gb  Mag.o [1]
lost                    0x1fff250f     0x1  Data  Gb  Mag.o [1]
mag_val                 0x1fff24c4     0xc  Data  Gb  Mag.o [1]
main                    0x000020f1   0x1a2  Code  Gb  framework2016.o [1]
motor_outL              0x1fff24f0     0x2  Data  Gb  framework2016.o [1]
motor_outR              0x1fff24f2     0x2  Data  Gb  framework2016.o [1]
motor_xL                0x1fff0480     0x4  Data  Gb  framework2016.o [1]
motor_xR                0x1fff0484     0x4  Data  Gb  framework2016.o [1]
pit0_time               0x1fff24e0     0x4  Data  Gb  PIT.o [1]
pit1_time               0x1fff24e4     0x4  Data  Gb  PIT.o [1]
pit1_time_tmp           0x1fff24e8     0x4  Data  Gb  PIT.o [1]
tacho0                  0x1fff24fc     0x2  Data  Gb  Motor.o [1]
tacho0_dir              0x1fff2510     0x1  Data  Gb  Motor.o [1]
tacho0_last             0x1fff2508     0x2  Data  Gb  Motor.o [1]
tacho0_tmp              0x1fff2502     0x2  Data  Gb  Motor.o [1]
tacho1                  0x1fff24fe     0x2  Data  Gb  Motor.o [1]
tacho1_last             0x1fff2506     0x2  Data  Gb  Motor.o [1]
tacho1_tmp              0x1fff2500     0x2  Data  Gb  Motor.o [1]
thr                     0x1fff045c     0x4  Data  Gb  Cam.o [1]
time_us                 0x1fff24dc     0x4  Data  Gb  PIT.o [1]
ui_operation_cnt        0x1fff250a     0x2  Data  Gb  UI_Operation.o [1]


[1] = E:\IARworkspace\CamCar_IAR\FLASH\Obj
[2] = command line
[3] = dl7M_tln.a
[4] = m7M_tl.a
[5] = rt7M_tl.a
[6] = shb_l.a

  11 704 bytes of readonly  code memory
      76 bytes of readwrite code memory
     896 bytes of readonly  data memory
  12 469 bytes of readwrite data memory

Errors: none
Warnings: none
